2025-05-24 08:10:35,936 - pyswarms.single.global_best - INFO - Optimize for 100 iters with {'c1': 0.5, 'c2': 0.7, 'w': 0.4}
2025-05-24 08:11:05,621 - pyswarms.single.global_best - INFO - Optimization finished | best cost: 0.0065421559565753224, best pos: [3.68517495e-07 2.72042908e+01 6.74344637e-07 7.65945251e-07
 1.14678415e-07 5.59001131e-07 9.30111610e-07 8.43819516e-07
 4.46930604e-07 6.52511252e-07 4.67753597e-07 4.88889706e-07
 2.92774439e-07 6.92294263e-07 5.79389355e-07 6.76422693e-07
 2.64547218e+02 5.29339181e-07 5.63804890e-07 5.32280951e-07
 6.87893080e-07 1.61409786e+01 4.10234782e-07 8.45579791e-07
 1.09624388e-07 2.44432204e-07 8.62081986e-07 6.05019264e-07
 7.49323150e-07 4.64015169e-07 5.80955748e-07]
2025-05-24 08:11:05,634 - pyswarms.single.global_best - INFO - Optimize for 100 iters with {'c1': 0.5, 'c2': 0.7, 'w': 0.4}
2025-05-24 08:12:14,527 - pyswarms.single.global_best - INFO - Optimization finished | best cost: 0.007121514460746274, best pos: [9.26254831e-08 5.98707480e+01 9.14548664e-07 4.34020973e-07
 2.58711642e-07 4.34403319e-07 7.23447818e-07 9.05416158e-09
 5.89453989e-07 6.13291685e-07 6.37688247e-07 2.42022080e-07
 7.14052723e-07 9.13914863e-08 1.99270336e-07 8.77470047e-07
 1.95429210e+02 1.37455540e-08 2.48376260e-07 2.14406483e-07
 2.70806328e-07 1.35119324e+01 6.25262957e-08 4.58940517e-07
 7.32733475e-07 6.06731725e-07 6.72871669e-07 8.11491785e-08
 9.51490710e-07 8.38491834e-07 8.05090318e-07]
2025-05-24 08:12:14,553 - pyswarms.single.global_best - INFO - Optimize for 100 iters with {'c1': 0.5, 'c2': 0.7, 'w': 0.4}
2025-05-24 08:13:30,643 - pyswarms.single.global_best - INFO - Optimization finished | best cost: 0.007121514460746274, best pos: [9.26254831e-08 5.98707480e+01 9.14548664e-07 4.34020973e-07
 2.58711642e-07 4.34403319e-07 7.23447818e-07 9.05416158e-09
 5.89453989e-07 6.13291685e-07 6.37688247e-07 2.42022080e-07
 7.14052723e-07 9.13914863e-08 1.99270336e-07 8.77470047e-07
 1.95429210e+02 1.37455540e-08 2.48376260e-07 2.14406483e-07
 2.70806328e-07 1.35119324e+01 6.25262957e-08 4.58940517e-07
 7.32733475e-07 6.06731725e-07 6.72871669e-07 8.11491785e-08
 9.51490710e-07 8.38491834e-07 8.05090318e-07]
2025-05-24 08:19:02,902 - pyswarms.single.global_best - INFO - Optimize for 100 iters with {'c1': 0.5, 'c2': 0.7, 'w': 0.4}
2025-05-24 08:19:32,309 - pyswarms.single.global_best - INFO - Optimization finished | best cost: 0.0065421559565753224, best pos: [3.68517495e-07 2.72042908e+01 6.74344637e-07 7.65945251e-07
 1.14678415e-07 5.59001131e-07 9.30111610e-07 8.43819516e-07
 4.46930604e-07 6.52511252e-07 4.67753597e-07 4.88889706e-07
 2.92774439e-07 6.92294263e-07 5.79389355e-07 6.76422693e-07
 2.64547218e+02 5.29339181e-07 5.63804890e-07 5.32280951e-07
 6.87893080e-07 1.61409786e+01 4.10234782e-07 8.45579791e-07
 1.09624388e-07 2.44432204e-07 8.62081986e-07 6.05019264e-07
 7.49323150e-07 4.64015169e-07 5.80955748e-07]
2025-05-24 08:19:32,323 - pyswarms.single.global_best - INFO - Optimize for 100 iters with {'c1': 0.5, 'c2': 0.7, 'w': 0.4}
2025-05-24 08:20:42,187 - pyswarms.single.global_best - INFO - Optimization finished | best cost: 0.007121514460746274, best pos: [9.26254831e-08 5.98707480e+01 9.14548664e-07 4.34020973e-07
 2.58711642e-07 4.34403319e-07 7.23447818e-07 9.05416158e-09
 5.89453989e-07 6.13291685e-07 6.37688247e-07 2.42022080e-07
 7.14052723e-07 9.13914863e-08 1.99270336e-07 8.77470047e-07
 1.95429210e+02 1.37455540e-08 2.48376260e-07 2.14406483e-07
 2.70806328e-07 1.35119324e+01 6.25262957e-08 4.58940517e-07
 7.32733475e-07 6.06731725e-07 6.72871669e-07 8.11491785e-08
 9.51490710e-07 8.38491834e-07 8.05090318e-07]
2025-05-24 08:20:42,209 - pyswarms.single.global_best - INFO - Optimize for 100 iters with {'c1': 0.5, 'c2': 0.7, 'w': 0.4}
2025-05-24 08:21:51,787 - pyswarms.single.global_best - INFO - Optimization finished | best cost: 0.007121514460746274, best pos: [9.26254831e-08 5.98707480e+01 9.14548664e-07 4.34020973e-07
 2.58711642e-07 4.34403319e-07 7.23447818e-07 9.05416158e-09
 5.89453989e-07 6.13291685e-07 6.37688247e-07 2.42022080e-07
 7.14052723e-07 9.13914863e-08 1.99270336e-07 8.77470047e-07
 1.95429210e+02 1.37455540e-08 2.48376260e-07 2.14406483e-07
 2.70806328e-07 1.35119324e+01 6.25262957e-08 4.58940517e-07
 7.32733475e-07 6.06731725e-07 6.72871669e-07 8.11491785e-08
 9.51490710e-07 8.38491834e-07 8.05090318e-07]
2025-05-24 14:35:45,360 - pyswarms.single.global_best - INFO - Optimize for 100 iters with {'c1': 0.5, 'c2': 0.7, 'w': 0.4}
2025-05-24 14:36:15,806 - pyswarms.single.global_best - INFO - Optimization finished | best cost: 0.0065421559565753224, best pos: [3.68517495e-07 2.72042908e+01 6.74344637e-07 7.65945251e-07
 1.14678415e-07 5.59001131e-07 9.30111610e-07 8.43819516e-07
 4.46930604e-07 6.52511252e-07 4.67753597e-07 4.88889706e-07
 2.92774439e-07 6.92294263e-07 5.79389355e-07 6.76422693e-07
 2.64547218e+02 5.29339181e-07 5.63804890e-07 5.32280951e-07
 6.87893080e-07 1.61409786e+01 4.10234782e-07 8.45579791e-07
 1.09624388e-07 2.44432204e-07 8.62081986e-07 6.05019264e-07
 7.49323150e-07 4.64015169e-07 5.80955748e-07]
2025-05-24 14:36:15,820 - pyswarms.single.global_best - INFO - Optimize for 100 iters with {'c1': 0.5, 'c2': 0.7, 'w': 0.4}
2025-05-24 14:37:07,767 - pyswarms.single.global_best - INFO - Optimization finished | best cost: 0.007121514460746274, best pos: [9.26254831e-08 5.98707480e+01 9.14548664e-07 4.34020973e-07
 2.58711642e-07 4.34403319e-07 7.23447818e-07 9.05416158e-09
 5.89453989e-07 6.13291685e-07 6.37688247e-07 2.42022080e-07
 7.14052723e-07 9.13914863e-08 1.99270336e-07 8.77470047e-07
 1.95429210e+02 1.37455540e-08 2.48376260e-07 2.14406483e-07
 2.70806328e-07 1.35119324e+01 6.25262957e-08 4.58940517e-07
 7.32733475e-07 6.06731725e-07 6.72871669e-07 8.11491785e-08
 9.51490710e-07 8.38491834e-07 8.05090318e-07]
2025-05-24 14:37:07,786 - pyswarms.single.global_best - INFO - Optimize for 100 iters with {'c1': 0.5, 'c2': 0.7, 'w': 0.4}
2025-05-24 14:37:59,716 - pyswarms.single.global_best - INFO - Optimization finished | best cost: 0.007121514460746274, best pos: [9.26254831e-08 5.98707480e+01 9.14548664e-07 4.34020973e-07
 2.58711642e-07 4.34403319e-07 7.23447818e-07 9.05416158e-09
 5.89453989e-07 6.13291685e-07 6.37688247e-07 2.42022080e-07
 7.14052723e-07 9.13914863e-08 1.99270336e-07 8.77470047e-07
 1.95429210e+02 1.37455540e-08 2.48376260e-07 2.14406483e-07
 2.70806328e-07 1.35119324e+01 6.25262957e-08 4.58940517e-07
 7.32733475e-07 6.06731725e-07 6.72871669e-07 8.11491785e-08
 9.51490710e-07 8.38491834e-07 8.05090318e-07]
2025-05-24 14:53:45,632 - pyswarms.single.global_best - INFO - Optimize for 50 iters with {'c1': 0.5, 'c2': 0.3, 'w': 0.9}
2025-05-24 14:54:00,529 - pyswarms.single.global_best - INFO - Optimization finished | best cost: 0.006517359595482663, best pos: [6.23158132e-07 7.50075814e+00 9.17412114e-07 1.20483952e-07
 3.31506853e-07 8.66669442e-07 9.93286624e-07 4.14060753e-07
 4.02944537e-07 1.27194115e-07 4.29809570e-07 5.79665822e-07
 7.76658664e-07 2.99009017e-07 5.27111503e-07 9.42450612e-07
 2.62308386e+02 8.24050035e-07 1.34524789e-07 9.59583683e-07
 2.36780963e-07 1.35159779e+01 4.99653394e-07 3.63316494e-07
 7.15291836e-07 3.86338480e-07 1.62062921e-07 9.82150033e-08
 4.15443520e-07 9.07352346e-07 3.57809611e-07]
2025-05-24 14:54:00,543 - pyswarms.single.global_best - INFO - Optimize for 50 iters with {'c1': 0.5, 'c2': 0.3, 'w': 0.9}
2025-05-24 14:54:25,921 - pyswarms.single.global_best - INFO - Optimization finished | best cost: 0.007121514460746274, best pos: [9.26254831e-08 5.98707480e+01 9.14548664e-07 4.34020973e-07
 2.58711642e-07 4.34403319e-07 7.23447818e-07 9.05416158e-09
 5.89453989e-07 6.13291685e-07 6.37688247e-07 2.42022080e-07
 7.14052723e-07 9.13914863e-08 1.99270336e-07 8.77470047e-07
 1.95429210e+02 1.37455540e-08 2.48376260e-07 2.14406483e-07
 2.70806328e-07 1.35119324e+01 6.25262957e-08 4.58940517e-07
 7.32733475e-07 6.06731725e-07 6.72871669e-07 8.11491785e-08
 9.51490710e-07 8.38491834e-07 8.05090318e-07]
2025-05-24 14:54:25,940 - pyswarms.single.global_best - INFO - Optimize for 50 iters with {'c1': 0.5, 'c2': 0.3, 'w': 0.9}
2025-05-24 14:54:51,339 - pyswarms.single.global_best - INFO - Optimization finished | best cost: 0.007121514460746274, best pos: [9.26254831e-08 5.98707480e+01 9.14548664e-07 4.34020973e-07
 2.58711642e-07 4.34403319e-07 7.23447818e-07 9.05416158e-09
 5.89453989e-07 6.13291685e-07 6.37688247e-07 2.42022080e-07
 7.14052723e-07 9.13914863e-08 1.99270336e-07 8.77470047e-07
 1.95429210e+02 1.37455540e-08 2.48376260e-07 2.14406483e-07
 2.70806328e-07 1.35119324e+01 6.25262957e-08 4.58940517e-07
 7.32733475e-07 6.06731725e-07 6.72871669e-07 8.11491785e-08
 9.51490710e-07 8.38491834e-07 8.05090318e-07]
2025-05-24 14:56:51,009 - pyswarms.single.global_best - INFO - Optimize for 50 iters with {'c1': 0.5, 'c2': 0.3, 'w': 0.9}
2025-05-24 14:57:05,925 - pyswarms.single.global_best - INFO - Optimization finished | best cost: 0.006517359595482663, best pos: [6.23158132e-07 7.50075814e+00 9.17412114e-07 1.20483952e-07
 3.31506853e-07 8.66669442e-07 9.93286624e-07 4.14060753e-07
 4.02944537e-07 1.27194115e-07 4.29809570e-07 5.79665822e-07
 7.76658664e-07 2.99009017e-07 5.27111503e-07 9.42450612e-07
 2.62308386e+02 8.24050035e-07 1.34524789e-07 9.59583683e-07
 2.36780963e-07 1.35159779e+01 4.99653394e-07 3.63316494e-07
 7.15291836e-07 3.86338480e-07 1.62062921e-07 9.82150033e-08
 4.15443520e-07 9.07352346e-07 3.57809611e-07]
2025-05-24 14:57:05,938 - pyswarms.single.global_best - INFO - Optimize for 50 iters with {'c1': 0.5, 'c2': 0.3, 'w': 0.9}
2025-05-24 14:57:31,385 - pyswarms.single.global_best - INFO - Optimization finished | best cost: 0.007121514460746274, best pos: [9.26254831e-08 5.98707480e+01 9.14548664e-07 4.34020973e-07
 2.58711642e-07 4.34403319e-07 7.23447818e-07 9.05416158e-09
 5.89453989e-07 6.13291685e-07 6.37688247e-07 2.42022080e-07
 7.14052723e-07 9.13914863e-08 1.99270336e-07 8.77470047e-07
 1.95429210e+02 1.37455540e-08 2.48376260e-07 2.14406483e-07
 2.70806328e-07 1.35119324e+01 6.25262957e-08 4.58940517e-07
 7.32733475e-07 6.06731725e-07 6.72871669e-07 8.11491785e-08
 9.51490710e-07 8.38491834e-07 8.05090318e-07]
2025-05-24 14:57:31,404 - pyswarms.single.global_best - INFO - Optimize for 50 iters with {'c1': 0.5, 'c2': 0.3, 'w': 0.9}
2025-05-24 14:57:56,565 - pyswarms.single.global_best - INFO - Optimization finished | best cost: 0.007121514460746274, best pos: [9.26254831e-08 5.98707480e+01 9.14548664e-07 4.34020973e-07
 2.58711642e-07 4.34403319e-07 7.23447818e-07 9.05416158e-09
 5.89453989e-07 6.13291685e-07 6.37688247e-07 2.42022080e-07
 7.14052723e-07 9.13914863e-08 1.99270336e-07 8.77470047e-07
 1.95429210e+02 1.37455540e-08 2.48376260e-07 2.14406483e-07
 2.70806328e-07 1.35119324e+01 6.25262957e-08 4.58940517e-07
 7.32733475e-07 6.06731725e-07 6.72871669e-07 8.11491785e-08
 9.51490710e-07 8.38491834e-07 8.05090318e-07]
2025-05-24 15:13:12,193 - pyswarms.single.global_best - INFO - Optimize for 50 iters with {'c1': 0.5, 'c2': 0.3, 'w': 0.9}
2025-05-24 15:13:27,045 - pyswarms.single.global_best - INFO - Optimization finished | best cost: 0.006517359595482663, best pos: [6.23158132e-07 7.50075814e+00 9.17412114e-07 1.20483952e-07
 3.31506853e-07 8.66669442e-07 9.93286624e-07 4.14060753e-07
 4.02944537e-07 1.27194115e-07 4.29809570e-07 5.79665822e-07
 7.76658664e-07 2.99009017e-07 5.27111503e-07 9.42450612e-07
 2.62308386e+02 8.24050035e-07 1.34524789e-07 9.59583683e-07
 2.36780963e-07 1.35159779e+01 4.99653394e-07 3.63316494e-07
 7.15291836e-07 3.86338480e-07 1.62062921e-07 9.82150033e-08
 4.15443520e-07 9.07352346e-07 3.57809611e-07]
2025-05-24 15:13:27,058 - pyswarms.single.global_best - INFO - Optimize for 50 iters with {'c1': 0.5, 'c2': 0.3, 'w': 0.9}
2025-05-24 15:13:52,598 - pyswarms.single.global_best - INFO - Optimization finished | best cost: 0.007121514460746274, best pos: [9.26254831e-08 5.98707480e+01 9.14548664e-07 4.34020973e-07
 2.58711642e-07 4.34403319e-07 7.23447818e-07 9.05416158e-09
 5.89453989e-07 6.13291685e-07 6.37688247e-07 2.42022080e-07
 7.14052723e-07 9.13914863e-08 1.99270336e-07 8.77470047e-07
 1.95429210e+02 1.37455540e-08 2.48376260e-07 2.14406483e-07
 2.70806328e-07 1.35119324e+01 6.25262957e-08 4.58940517e-07
 7.32733475e-07 6.06731725e-07 6.72871669e-07 8.11491785e-08
 9.51490710e-07 8.38491834e-07 8.05090318e-07]
2025-05-24 15:13:52,625 - pyswarms.single.global_best - INFO - Optimize for 50 iters with {'c1': 0.5, 'c2': 0.3, 'w': 0.9}
2025-05-24 15:14:18,091 - pyswarms.single.global_best - INFO - Optimization finished | best cost: 0.007121514460746274, best pos: [9.26254831e-08 5.98707480e+01 9.14548664e-07 4.34020973e-07
 2.58711642e-07 4.34403319e-07 7.23447818e-07 9.05416158e-09
 5.89453989e-07 6.13291685e-07 6.37688247e-07 2.42022080e-07
 7.14052723e-07 9.13914863e-08 1.99270336e-07 8.77470047e-07
 1.95429210e+02 1.37455540e-08 2.48376260e-07 2.14406483e-07
 2.70806328e-07 1.35119324e+01 6.25262957e-08 4.58940517e-07
 7.32733475e-07 6.06731725e-07 6.72871669e-07 8.11491785e-08
 9.51490710e-07 8.38491834e-07 8.05090318e-07]
2025-05-24 16:01:32,868 - pyswarms.single.global_best - INFO - Optimize for 50 iters with {'c1': 0.5, 'c2': 0.3, 'w': 0.9}
2025-05-24 16:01:51,684 - pyswarms.single.global_best - INFO - Optimization finished | best cost: 0.006517359595482663, best pos: [6.23158132e-07 7.50075814e+00 9.17412114e-07 1.20483952e-07
 3.31506853e-07 8.66669442e-07 9.93286624e-07 4.14060753e-07
 4.02944537e-07 1.27194115e-07 4.29809570e-07 5.79665822e-07
 7.76658664e-07 2.99009017e-07 5.27111503e-07 9.42450612e-07
 2.62308386e+02 8.24050035e-07 1.34524789e-07 9.59583683e-07
 2.36780963e-07 1.35159779e+01 4.99653394e-07 3.63316494e-07
 7.15291836e-07 3.86338480e-07 1.62062921e-07 9.82150033e-08
 4.15443520e-07 9.07352346e-07 3.57809611e-07]
2025-05-24 16:01:51,700 - pyswarms.single.global_best - INFO - Optimize for 50 iters with {'c1': 0.5, 'c2': 0.3, 'w': 0.9}
2025-05-24 16:02:18,015 - pyswarms.single.global_best - INFO - Optimization finished | best cost: 0.007121514460746274, best pos: [9.26254831e-08 5.98707480e+01 9.14548664e-07 4.34020973e-07
 2.58711642e-07 4.34403319e-07 7.23447818e-07 9.05416158e-09
 5.89453989e-07 6.13291685e-07 6.37688247e-07 2.42022080e-07
 7.14052723e-07 9.13914863e-08 1.99270336e-07 8.77470047e-07
 1.95429210e+02 1.37455540e-08 2.48376260e-07 2.14406483e-07
 2.70806328e-07 1.35119324e+01 6.25262957e-08 4.58940517e-07
 7.32733475e-07 6.06731725e-07 6.72871669e-07 8.11491785e-08
 9.51490710e-07 8.38491834e-07 8.05090318e-07]
2025-05-24 16:02:18,034 - pyswarms.single.global_best - INFO - Optimize for 50 iters with {'c1': 0.5, 'c2': 0.3, 'w': 0.9}
2025-05-24 16:02:44,608 - pyswarms.single.global_best - INFO - Optimization finished | best cost: 0.007121514460746274, best pos: [9.26254831e-08 5.98707480e+01 9.14548664e-07 4.34020973e-07
 2.58711642e-07 4.34403319e-07 7.23447818e-07 9.05416158e-09
 5.89453989e-07 6.13291685e-07 6.37688247e-07 2.42022080e-07
 7.14052723e-07 9.13914863e-08 1.99270336e-07 8.77470047e-07
 1.95429210e+02 1.37455540e-08 2.48376260e-07 2.14406483e-07
 2.70806328e-07 1.35119324e+01 6.25262957e-08 4.58940517e-07
 7.32733475e-07 6.06731725e-07 6.72871669e-07 8.11491785e-08
 9.51490710e-07 8.38491834e-07 8.05090318e-07]
2025-05-24 16:05:27,128 - pyswarms.single.global_best - INFO - Optimize for 50 iters with {'c1': 0.5, 'c2': 0.3, 'w': 0.9}
2025-05-24 16:05:42,176 - pyswarms.single.global_best - INFO - Optimization finished | best cost: 0.006517359595482663, best pos: [6.23158132e-07 7.50075814e+00 9.17412114e-07 1.20483952e-07
 3.31506853e-07 8.66669442e-07 9.93286624e-07 4.14060753e-07
 4.02944537e-07 1.27194115e-07 4.29809570e-07 5.79665822e-07
 7.76658664e-07 2.99009017e-07 5.27111503e-07 9.42450612e-07
 2.62308386e+02 8.24050035e-07 1.34524789e-07 9.59583683e-07
 2.36780963e-07 1.35159779e+01 4.99653394e-07 3.63316494e-07
 7.15291836e-07 3.86338480e-07 1.62062921e-07 9.82150033e-08
 4.15443520e-07 9.07352346e-07 3.57809611e-07]
2025-05-24 16:05:42,190 - pyswarms.single.global_best - INFO - Optimize for 50 iters with {'c1': 0.5, 'c2': 0.3, 'w': 0.9}
2025-05-24 16:06:07,741 - pyswarms.single.global_best - INFO - Optimization finished | best cost: 0.007121514460746274, best pos: [9.26254831e-08 5.98707480e+01 9.14548664e-07 4.34020973e-07
 2.58711642e-07 4.34403319e-07 7.23447818e-07 9.05416158e-09
 5.89453989e-07 6.13291685e-07 6.37688247e-07 2.42022080e-07
 7.14052723e-07 9.13914863e-08 1.99270336e-07 8.77470047e-07
 1.95429210e+02 1.37455540e-08 2.48376260e-07 2.14406483e-07
 2.70806328e-07 1.35119324e+01 6.25262957e-08 4.58940517e-07
 7.32733475e-07 6.06731725e-07 6.72871669e-07 8.11491785e-08
 9.51490710e-07 8.38491834e-07 8.05090318e-07]
2025-05-24 16:06:07,760 - pyswarms.single.global_best - INFO - Optimize for 50 iters with {'c1': 0.5, 'c2': 0.3, 'w': 0.9}
2025-05-24 16:06:33,285 - pyswarms.single.global_best - INFO - Optimization finished | best cost: 0.007121514460746274, best pos: [9.26254831e-08 5.98707480e+01 9.14548664e-07 4.34020973e-07
 2.58711642e-07 4.34403319e-07 7.23447818e-07 9.05416158e-09
 5.89453989e-07 6.13291685e-07 6.37688247e-07 2.42022080e-07
 7.14052723e-07 9.13914863e-08 1.99270336e-07 8.77470047e-07
 1.95429210e+02 1.37455540e-08 2.48376260e-07 2.14406483e-07
 2.70806328e-07 1.35119324e+01 6.25262957e-08 4.58940517e-07
 7.32733475e-07 6.06731725e-07 6.72871669e-07 8.11491785e-08
 9.51490710e-07 8.38491834e-07 8.05090318e-07]
2025-05-24 16:08:15,957 - pyswarms.single.global_best - INFO - Optimize for 50 iters with {'c1': 0.5, 'c2': 0.3, 'w': 0.9}
2025-05-24 16:08:30,966 - pyswarms.single.global_best - INFO - Optimization finished | best cost: 0.006517359595482663, best pos: [6.23158132e-07 7.50075814e+00 9.17412114e-07 1.20483952e-07
 3.31506853e-07 8.66669442e-07 9.93286624e-07 4.14060753e-07
 4.02944537e-07 1.27194115e-07 4.29809570e-07 5.79665822e-07
 7.76658664e-07 2.99009017e-07 5.27111503e-07 9.42450612e-07
 2.62308386e+02 8.24050035e-07 1.34524789e-07 9.59583683e-07
 2.36780963e-07 1.35159779e+01 4.99653394e-07 3.63316494e-07
 7.15291836e-07 3.86338480e-07 1.62062921e-07 9.82150033e-08
 4.15443520e-07 9.07352346e-07 3.57809611e-07]
2025-05-24 16:08:30,980 - pyswarms.single.global_best - INFO - Optimize for 50 iters with {'c1': 0.5, 'c2': 0.3, 'w': 0.9}
2025-05-24 16:08:56,285 - pyswarms.single.global_best - INFO - Optimization finished | best cost: 0.007121514460746274, best pos: [9.26254831e-08 5.98707480e+01 9.14548664e-07 4.34020973e-07
 2.58711642e-07 4.34403319e-07 7.23447818e-07 9.05416158e-09
 5.89453989e-07 6.13291685e-07 6.37688247e-07 2.42022080e-07
 7.14052723e-07 9.13914863e-08 1.99270336e-07 8.77470047e-07
 1.95429210e+02 1.37455540e-08 2.48376260e-07 2.14406483e-07
 2.70806328e-07 1.35119324e+01 6.25262957e-08 4.58940517e-07
 7.32733475e-07 6.06731725e-07 6.72871669e-07 8.11491785e-08
 9.51490710e-07 8.38491834e-07 8.05090318e-07]
2025-05-24 16:08:56,303 - pyswarms.single.global_best - INFO - Optimize for 50 iters with {'c1': 0.5, 'c2': 0.3, 'w': 0.9}
2025-05-24 16:09:21,939 - pyswarms.single.global_best - INFO - Optimization finished | best cost: 0.007121514460746274, best pos: [9.26254831e-08 5.98707480e+01 9.14548664e-07 4.34020973e-07
 2.58711642e-07 4.34403319e-07 7.23447818e-07 9.05416158e-09
 5.89453989e-07 6.13291685e-07 6.37688247e-07 2.42022080e-07
 7.14052723e-07 9.13914863e-08 1.99270336e-07 8.77470047e-07
 1.95429210e+02 1.37455540e-08 2.48376260e-07 2.14406483e-07
 2.70806328e-07 1.35119324e+01 6.25262957e-08 4.58940517e-07
 7.32733475e-07 6.06731725e-07 6.72871669e-07 8.11491785e-08
 9.51490710e-07 8.38491834e-07 8.05090318e-07]
2025-05-24 16:10:45,834 - pyswarms.single.global_best - INFO - Optimize for 50 iters with {'c1': 0.5, 'c2': 0.3, 'w': 0.9}
2025-05-24 16:11:00,929 - pyswarms.single.global_best - INFO - Optimization finished | best cost: 0.006517359595482663, best pos: [6.23158132e-07 7.50075814e+00 9.17412114e-07 1.20483952e-07
 3.31506853e-07 8.66669442e-07 9.93286624e-07 4.14060753e-07
 4.02944537e-07 1.27194115e-07 4.29809570e-07 5.79665822e-07
 7.76658664e-07 2.99009017e-07 5.27111503e-07 9.42450612e-07
 2.62308386e+02 8.24050035e-07 1.34524789e-07 9.59583683e-07
 2.36780963e-07 1.35159779e+01 4.99653394e-07 3.63316494e-07
 7.15291836e-07 3.86338480e-07 1.62062921e-07 9.82150033e-08
 4.15443520e-07 9.07352346e-07 3.57809611e-07]
2025-05-24 16:11:00,945 - pyswarms.single.global_best - INFO - Optimize for 50 iters with {'c1': 0.5, 'c2': 0.3, 'w': 0.9}
2025-05-24 16:11:26,168 - pyswarms.single.global_best - INFO - Optimization finished | best cost: 0.007121514460746274, best pos: [9.26254831e-08 5.98707480e+01 9.14548664e-07 4.34020973e-07
 2.58711642e-07 4.34403319e-07 7.23447818e-07 9.05416158e-09
 5.89453989e-07 6.13291685e-07 6.37688247e-07 2.42022080e-07
 7.14052723e-07 9.13914863e-08 1.99270336e-07 8.77470047e-07
 1.95429210e+02 1.37455540e-08 2.48376260e-07 2.14406483e-07
 2.70806328e-07 1.35119324e+01 6.25262957e-08 4.58940517e-07
 7.32733475e-07 6.06731725e-07 6.72871669e-07 8.11491785e-08
 9.51490710e-07 8.38491834e-07 8.05090318e-07]
2025-05-24 16:11:26,187 - pyswarms.single.global_best - INFO - Optimize for 50 iters with {'c1': 0.5, 'c2': 0.3, 'w': 0.9}
2025-05-24 16:11:51,675 - pyswarms.single.global_best - INFO - Optimization finished | best cost: 0.007121514460746274, best pos: [9.26254831e-08 5.98707480e+01 9.14548664e-07 4.34020973e-07
 2.58711642e-07 4.34403319e-07 7.23447818e-07 9.05416158e-09
 5.89453989e-07 6.13291685e-07 6.37688247e-07 2.42022080e-07
 7.14052723e-07 9.13914863e-08 1.99270336e-07 8.77470047e-07
 1.95429210e+02 1.37455540e-08 2.48376260e-07 2.14406483e-07
 2.70806328e-07 1.35119324e+01 6.25262957e-08 4.58940517e-07
 7.32733475e-07 6.06731725e-07 6.72871669e-07 8.11491785e-08
 9.51490710e-07 8.38491834e-07 8.05090318e-07]
2025-05-24 16:26:56,319 - pyswarms.single.global_best - INFO - Optimize for 50 iters with {'c1': 0.5, 'c2': 0.3, 'w': 0.9}
2025-05-24 16:27:11,105 - pyswarms.single.global_best - INFO - Optimization finished | best cost: 0.006517359595482663, best pos: [6.23158132e-07 7.50075814e+00 9.17412114e-07 1.20483952e-07
 3.31506853e-07 8.66669442e-07 9.93286624e-07 4.14060753e-07
 4.02944537e-07 1.27194115e-07 4.29809570e-07 5.79665822e-07
 7.76658664e-07 2.99009017e-07 5.27111503e-07 9.42450612e-07
 2.62308386e+02 8.24050035e-07 1.34524789e-07 9.59583683e-07
 2.36780963e-07 1.35159779e+01 4.99653394e-07 3.63316494e-07
 7.15291836e-07 3.86338480e-07 1.62062921e-07 9.82150033e-08
 4.15443520e-07 9.07352346e-07 3.57809611e-07]
2025-05-24 16:27:11,123 - pyswarms.single.global_best - INFO - Optimize for 50 iters with {'c1': 0.5, 'c2': 0.3, 'w': 0.9}
2025-05-24 16:27:36,394 - pyswarms.single.global_best - INFO - Optimization finished | best cost: 0.007121514460746274, best pos: [9.26254831e-08 5.98707480e+01 9.14548664e-07 4.34020973e-07
 2.58711642e-07 4.34403319e-07 7.23447818e-07 9.05416158e-09
 5.89453989e-07 6.13291685e-07 6.37688247e-07 2.42022080e-07
 7.14052723e-07 9.13914863e-08 1.99270336e-07 8.77470047e-07
 1.95429210e+02 1.37455540e-08 2.48376260e-07 2.14406483e-07
 2.70806328e-07 1.35119324e+01 6.25262957e-08 4.58940517e-07
 7.32733475e-07 6.06731725e-07 6.72871669e-07 8.11491785e-08
 9.51490710e-07 8.38491834e-07 8.05090318e-07]
2025-05-24 16:27:36,412 - pyswarms.single.global_best - INFO - Optimize for 50 iters with {'c1': 0.5, 'c2': 0.3, 'w': 0.9}
2025-05-24 16:28:01,659 - pyswarms.single.global_best - INFO - Optimization finished | best cost: 0.007121514460746274, best pos: [9.26254831e-08 5.98707480e+01 9.14548664e-07 4.34020973e-07
 2.58711642e-07 4.34403319e-07 7.23447818e-07 9.05416158e-09
 5.89453989e-07 6.13291685e-07 6.37688247e-07 2.42022080e-07
 7.14052723e-07 9.13914863e-08 1.99270336e-07 8.77470047e-07
 1.95429210e+02 1.37455540e-08 2.48376260e-07 2.14406483e-07
 2.70806328e-07 1.35119324e+01 6.25262957e-08 4.58940517e-07
 7.32733475e-07 6.06731725e-07 6.72871669e-07 8.11491785e-08
 9.51490710e-07 8.38491834e-07 8.05090318e-07]
2025-05-24 16:31:26,434 - pyswarms.single.global_best - INFO - Optimize for 100 iters with {'c1': 0.5, 'c2': 0.3, 'w': 0.9}
2025-05-24 16:32:24,988 - pyswarms.single.global_best - INFO - Optimization finished | best cost: 0.0065285676151061785, best pos: [7.17969570e-07 1.31373452e+01 3.61378325e-07 4.75130601e-07
 2.63145517e-07 2.12376398e-07 9.95631561e-07 7.73490187e-07
 5.38602881e-07 6.84043401e-07 1.29860768e-07 4.99103473e-07
 1.77973145e-07 1.50786454e-07 9.61967566e-08 2.59301117e-08
 2.58090422e+02 4.83847422e-07 8.24883044e-07 5.13196917e-07
 4.95737672e-07 1.42762284e+01 1.81123169e-07 3.42136336e-07
 6.03582991e-07 3.62723406e-08 5.82980890e-08 8.40115325e-07
 8.85214132e-07 8.31424272e-07 9.58901262e-07]
2025-05-24 16:32:25,003 - pyswarms.single.global_best - INFO - Optimize for 100 iters with {'c1': 0.5, 'c2': 0.3, 'w': 0.9}
2025-05-24 16:34:05,142 - pyswarms.single.global_best - INFO - Optimization finished | best cost: 0.007121514460746274, best pos: [7.03280054e-07 3.22021084e+01 9.20040053e-07 6.50255071e-07
 9.04189778e-08 9.47856567e-07 2.58557264e-07 3.37212490e-07
 4.02260414e-07 5.12242964e-08 4.96515422e-07 1.23318491e-07
 4.00970327e-07 3.50709788e-07 7.72840083e-07 8.03170512e-07
 4.05853780e+01 3.66551187e-07 3.73353161e-07 1.51410444e-07
 7.98453505e-07 2.06827619e+01 1.90381786e-07 3.66721909e-07
 1.05805025e-07 6.28206597e-07 1.21371925e-07 9.85934169e-07
 7.80682075e-07 3.90238550e-07 5.78563932e-07]
2025-05-24 16:34:05,161 - pyswarms.single.global_best - INFO - Optimize for 100 iters with {'c1': 0.5, 'c2': 0.3, 'w': 0.9}
2025-05-24 16:35:45,500 - pyswarms.single.global_best - INFO - Optimization finished | best cost: 0.007121514460746274, best pos: [7.03280054e-07 3.22021084e+01 9.20040053e-07 6.50255071e-07
 9.04189778e-08 9.47856567e-07 2.58557264e-07 3.37212490e-07
 4.02260414e-07 5.12242964e-08 4.96515422e-07 1.23318491e-07
 4.00970327e-07 3.50709788e-07 7.72840083e-07 8.03170512e-07
 4.05853780e+01 3.66551187e-07 3.73353161e-07 1.51410444e-07
 7.98453505e-07 2.06827619e+01 1.90381786e-07 3.66721909e-07
 1.05805025e-07 6.28206597e-07 1.21371925e-07 9.85934169e-07
 7.80682075e-07 3.90238550e-07 5.78563932e-07]
2025-05-24 16:43:42,922 - pyswarms.single.global_best - INFO - Optimize for 50 iters with {'c1': 0.5, 'c2': 0.3, 'w': 0.9}
2025-05-24 16:43:57,820 - pyswarms.single.global_best - INFO - Optimization finished | best cost: 0.006517359595482663, best pos: [6.23158132e-07 7.50075814e+00 9.17412114e-07 1.20483952e-07
 3.31506853e-07 8.66669442e-07 9.93286624e-07 4.14060753e-07
 4.02944537e-07 1.27194115e-07 4.29809570e-07 5.79665822e-07
 7.76658664e-07 2.99009017e-07 5.27111503e-07 9.42450612e-07
 2.62308386e+02 8.24050035e-07 1.34524789e-07 9.59583683e-07
 2.36780963e-07 1.35159779e+01 4.99653394e-07 3.63316494e-07
 7.15291836e-07 3.86338480e-07 1.62062921e-07 9.82150033e-08
 4.15443520e-07 9.07352346e-07 3.57809611e-07]
2025-05-24 16:43:57,834 - pyswarms.single.global_best - INFO - Optimize for 50 iters with {'c1': 0.5, 'c2': 0.3, 'w': 0.9}
2025-05-24 16:44:23,195 - pyswarms.single.global_best - INFO - Optimization finished | best cost: 0.007121514460746274, best pos: [9.26254831e-08 5.98707480e+01 9.14548664e-07 4.34020973e-07
 2.58711642e-07 4.34403319e-07 7.23447818e-07 9.05416158e-09
 5.89453989e-07 6.13291685e-07 6.37688247e-07 2.42022080e-07
 7.14052723e-07 9.13914863e-08 1.99270336e-07 8.77470047e-07
 1.95429210e+02 1.37455540e-08 2.48376260e-07 2.14406483e-07
 2.70806328e-07 1.35119324e+01 6.25262957e-08 4.58940517e-07
 7.32733475e-07 6.06731725e-07 6.72871669e-07 8.11491785e-08
 9.51490710e-07 8.38491834e-07 8.05090318e-07]
2025-05-24 16:44:23,214 - pyswarms.single.global_best - INFO - Optimize for 50 iters with {'c1': 0.5, 'c2': 0.3, 'w': 0.9}
2025-05-24 16:44:48,493 - pyswarms.single.global_best - INFO - Optimization finished | best cost: 0.007121514460746274, best pos: [9.26254831e-08 5.98707480e+01 9.14548664e-07 4.34020973e-07
 2.58711642e-07 4.34403319e-07 7.23447818e-07 9.05416158e-09
 5.89453989e-07 6.13291685e-07 6.37688247e-07 2.42022080e-07
 7.14052723e-07 9.13914863e-08 1.99270336e-07 8.77470047e-07
 1.95429210e+02 1.37455540e-08 2.48376260e-07 2.14406483e-07
 2.70806328e-07 1.35119324e+01 6.25262957e-08 4.58940517e-07
 7.32733475e-07 6.06731725e-07 6.72871669e-07 8.11491785e-08
 9.51490710e-07 8.38491834e-07 8.05090318e-07]
2025-05-24 16:48:07,249 - pyswarms.single.global_best - INFO - Optimize for 50 iters with {'c1': 0.5, 'c2': 0.3, 'w': 0.9}
2025-05-24 16:48:22,137 - pyswarms.single.global_best - INFO - Optimization finished | best cost: 0.006517359595482663, best pos: [6.23158132e-07 7.50075814e+00 9.17412114e-07 1.20483952e-07
 3.31506853e-07 8.66669442e-07 9.93286624e-07 4.14060753e-07
 4.02944537e-07 1.27194115e-07 4.29809570e-07 5.79665822e-07
 7.76658664e-07 2.99009017e-07 5.27111503e-07 9.42450612e-07
 2.62308386e+02 8.24050035e-07 1.34524789e-07 9.59583683e-07
 2.36780963e-07 1.35159779e+01 4.99653394e-07 3.63316494e-07
 7.15291836e-07 3.86338480e-07 1.62062921e-07 9.82150033e-08
 4.15443520e-07 9.07352346e-07 3.57809611e-07]
2025-05-24 16:48:22,151 - pyswarms.single.global_best - INFO - Optimize for 50 iters with {'c1': 0.5, 'c2': 0.3, 'w': 0.9}
2025-05-24 16:48:47,298 - pyswarms.single.global_best - INFO - Optimization finished | best cost: 0.007121514460746274, best pos: [9.26254831e-08 5.98707480e+01 9.14548664e-07 4.34020973e-07
 2.58711642e-07 4.34403319e-07 7.23447818e-07 9.05416158e-09
 5.89453989e-07 6.13291685e-07 6.37688247e-07 2.42022080e-07
 7.14052723e-07 9.13914863e-08 1.99270336e-07 8.77470047e-07
 1.95429210e+02 1.37455540e-08 2.48376260e-07 2.14406483e-07
 2.70806328e-07 1.35119324e+01 6.25262957e-08 4.58940517e-07
 7.32733475e-07 6.06731725e-07 6.72871669e-07 8.11491785e-08
 9.51490710e-07 8.38491834e-07 8.05090318e-07]
2025-05-24 16:48:47,317 - pyswarms.single.global_best - INFO - Optimize for 50 iters with {'c1': 0.5, 'c2': 0.3, 'w': 0.9}
2025-05-24 16:49:12,366 - pyswarms.single.global_best - INFO - Optimization finished | best cost: 0.007121514460746274, best pos: [9.26254831e-08 5.98707480e+01 9.14548664e-07 4.34020973e-07
 2.58711642e-07 4.34403319e-07 7.23447818e-07 9.05416158e-09
 5.89453989e-07 6.13291685e-07 6.37688247e-07 2.42022080e-07
 7.14052723e-07 9.13914863e-08 1.99270336e-07 8.77470047e-07
 1.95429210e+02 1.37455540e-08 2.48376260e-07 2.14406483e-07
 2.70806328e-07 1.35119324e+01 6.25262957e-08 4.58940517e-07
 7.32733475e-07 6.06731725e-07 6.72871669e-07 8.11491785e-08
 9.51490710e-07 8.38491834e-07 8.05090318e-07]
2025-05-24 16:51:02,863 - pyswarms.single.global_best - INFO - Optimize for 50 iters with {'c1': 0.5, 'c2': 0.3, 'w': 0.9}
2025-05-24 16:51:17,587 - pyswarms.single.global_best - INFO - Optimization finished | best cost: 0.006517359595482663, best pos: [6.23158132e-07 7.50075814e+00 9.17412114e-07 1.20483952e-07
 3.31506853e-07 8.66669442e-07 9.93286624e-07 4.14060753e-07
 4.02944537e-07 1.27194115e-07 4.29809570e-07 5.79665822e-07
 7.76658664e-07 2.99009017e-07 5.27111503e-07 9.42450612e-07
 2.62308386e+02 8.24050035e-07 1.34524789e-07 9.59583683e-07
 2.36780963e-07 1.35159779e+01 4.99653394e-07 3.63316494e-07
 7.15291836e-07 3.86338480e-07 1.62062921e-07 9.82150033e-08
 4.15443520e-07 9.07352346e-07 3.57809611e-07]
2025-05-24 16:51:17,602 - pyswarms.single.global_best - INFO - Optimize for 50 iters with {'c1': 0.5, 'c2': 0.3, 'w': 0.9}
2025-05-24 16:51:42,596 - pyswarms.single.global_best - INFO - Optimization finished | best cost: 0.007121514460746274, best pos: [9.26254831e-08 5.98707480e+01 9.14548664e-07 4.34020973e-07
 2.58711642e-07 4.34403319e-07 7.23447818e-07 9.05416158e-09
 5.89453989e-07 6.13291685e-07 6.37688247e-07 2.42022080e-07
 7.14052723e-07 9.13914863e-08 1.99270336e-07 8.77470047e-07
 1.95429210e+02 1.37455540e-08 2.48376260e-07 2.14406483e-07
 2.70806328e-07 1.35119324e+01 6.25262957e-08 4.58940517e-07
 7.32733475e-07 6.06731725e-07 6.72871669e-07 8.11491785e-08
 9.51490710e-07 8.38491834e-07 8.05090318e-07]
2025-05-24 16:51:42,615 - pyswarms.single.global_best - INFO - Optimize for 50 iters with {'c1': 0.5, 'c2': 0.3, 'w': 0.9}
2025-05-24 16:52:07,577 - pyswarms.single.global_best - INFO - Optimization finished | best cost: 0.007121514460746274, best pos: [9.26254831e-08 5.98707480e+01 9.14548664e-07 4.34020973e-07
 2.58711642e-07 4.34403319e-07 7.23447818e-07 9.05416158e-09
 5.89453989e-07 6.13291685e-07 6.37688247e-07 2.42022080e-07
 7.14052723e-07 9.13914863e-08 1.99270336e-07 8.77470047e-07
 1.95429210e+02 1.37455540e-08 2.48376260e-07 2.14406483e-07
 2.70806328e-07 1.35119324e+01 6.25262957e-08 4.58940517e-07
 7.32733475e-07 6.06731725e-07 6.72871669e-07 8.11491785e-08
 9.51490710e-07 8.38491834e-07 8.05090318e-07]
2025-05-24 16:56:49,137 - pyswarms.single.global_best - INFO - Optimize for 50 iters with {'c1': 0.5, 'c2': 0.3, 'w': 0.9}
2025-05-24 16:57:05,246 - pyswarms.single.global_best - INFO - Optimization finished | best cost: 0.006517359595482663, best pos: [6.23158132e-07 7.50075814e+00 9.17412114e-07 1.20483952e-07
 3.31506853e-07 8.66669442e-07 9.93286624e-07 4.14060753e-07
 4.02944537e-07 1.27194115e-07 4.29809570e-07 5.79665822e-07
 7.76658664e-07 2.99009017e-07 5.27111503e-07 9.42450612e-07
 2.62308386e+02 8.24050035e-07 1.34524789e-07 9.59583683e-07
 2.36780963e-07 1.35159779e+01 4.99653394e-07 3.63316494e-07
 7.15291836e-07 3.86338480e-07 1.62062921e-07 9.82150033e-08
 4.15443520e-07 9.07352346e-07 3.57809611e-07]
2025-05-24 16:57:05,265 - pyswarms.single.global_best - INFO - Optimize for 50 iters with {'c1': 0.5, 'c2': 0.3, 'w': 0.9}
2025-05-24 16:57:37,446 - pyswarms.single.global_best - INFO - Optimization finished | best cost: 0.007121514460746274, best pos: [9.26254831e-08 5.98707480e+01 9.14548664e-07 4.34020973e-07
 2.58711642e-07 4.34403319e-07 7.23447818e-07 9.05416158e-09
 5.89453989e-07 6.13291685e-07 6.37688247e-07 2.42022080e-07
 7.14052723e-07 9.13914863e-08 1.99270336e-07 8.77470047e-07
 1.95429210e+02 1.37455540e-08 2.48376260e-07 2.14406483e-07
 2.70806328e-07 1.35119324e+01 6.25262957e-08 4.58940517e-07
 7.32733475e-07 6.06731725e-07 6.72871669e-07 8.11491785e-08
 9.51490710e-07 8.38491834e-07 8.05090318e-07]
2025-05-24 16:57:37,464 - pyswarms.single.global_best - INFO - Optimize for 50 iters with {'c1': 0.5, 'c2': 0.3, 'w': 0.9}
2025-05-24 16:58:04,137 - pyswarms.single.global_best - INFO - Optimization finished | best cost: 0.007121514460746274, best pos: [9.26254831e-08 5.98707480e+01 9.14548664e-07 4.34020973e-07
 2.58711642e-07 4.34403319e-07 7.23447818e-07 9.05416158e-09
 5.89453989e-07 6.13291685e-07 6.37688247e-07 2.42022080e-07
 7.14052723e-07 9.13914863e-08 1.99270336e-07 8.77470047e-07
 1.95429210e+02 1.37455540e-08 2.48376260e-07 2.14406483e-07
 2.70806328e-07 1.35119324e+01 6.25262957e-08 4.58940517e-07
 7.32733475e-07 6.06731725e-07 6.72871669e-07 8.11491785e-08
 9.51490710e-07 8.38491834e-07 8.05090318e-07]
2025-05-24 16:59:28,696 - pyswarms.single.global_best - INFO - Optimize for 50 iters with {'c1': 0.5, 'c2': 0.3, 'w': 0.9}
2025-05-24 16:59:44,444 - pyswarms.single.global_best - INFO - Optimization finished | best cost: 0.006517359595482663, best pos: [6.23158132e-07 7.50075814e+00 9.17412114e-07 1.20483952e-07
 3.31506853e-07 8.66669442e-07 9.93286624e-07 4.14060753e-07
 4.02944537e-07 1.27194115e-07 4.29809570e-07 5.79665822e-07
 7.76658664e-07 2.99009017e-07 5.27111503e-07 9.42450612e-07
 2.62308386e+02 8.24050035e-07 1.34524789e-07 9.59583683e-07
 2.36780963e-07 1.35159779e+01 4.99653394e-07 3.63316494e-07
 7.15291836e-07 3.86338480e-07 1.62062921e-07 9.82150033e-08
 4.15443520e-07 9.07352346e-07 3.57809611e-07]
2025-05-24 16:59:44,458 - pyswarms.single.global_best - INFO - Optimize for 50 iters with {'c1': 0.5, 'c2': 0.3, 'w': 0.9}
2025-05-24 17:00:10,440 - pyswarms.single.global_best - INFO - Optimization finished | best cost: 0.007121514460746274, best pos: [9.26254831e-08 5.98707480e+01 9.14548664e-07 4.34020973e-07
 2.58711642e-07 4.34403319e-07 7.23447818e-07 9.05416158e-09
 5.89453989e-07 6.13291685e-07 6.37688247e-07 2.42022080e-07
 7.14052723e-07 9.13914863e-08 1.99270336e-07 8.77470047e-07
 1.95429210e+02 1.37455540e-08 2.48376260e-07 2.14406483e-07
 2.70806328e-07 1.35119324e+01 6.25262957e-08 4.58940517e-07
 7.32733475e-07 6.06731725e-07 6.72871669e-07 8.11491785e-08
 9.51490710e-07 8.38491834e-07 8.05090318e-07]
2025-05-24 17:00:10,458 - pyswarms.single.global_best - INFO - Optimize for 50 iters with {'c1': 0.5, 'c2': 0.3, 'w': 0.9}
2025-05-24 17:00:36,752 - pyswarms.single.global_best - INFO - Optimization finished | best cost: 0.007121514460746274, best pos: [9.26254831e-08 5.98707480e+01 9.14548664e-07 4.34020973e-07
 2.58711642e-07 4.34403319e-07 7.23447818e-07 9.05416158e-09
 5.89453989e-07 6.13291685e-07 6.37688247e-07 2.42022080e-07
 7.14052723e-07 9.13914863e-08 1.99270336e-07 8.77470047e-07
 1.95429210e+02 1.37455540e-08 2.48376260e-07 2.14406483e-07
 2.70806328e-07 1.35119324e+01 6.25262957e-08 4.58940517e-07
 7.32733475e-07 6.06731725e-07 6.72871669e-07 8.11491785e-08
 9.51490710e-07 8.38491834e-07 8.05090318e-07]
2025-05-24 19:11:48,839 - pyswarms.single.global_best - INFO - Optimize for 100 iters with {'c1': 0.5, 'c2': 0.7, 'w': 0.4}
2025-05-24 19:12:18,299 - pyswarms.single.global_best - INFO - Optimization finished | best cost: 0.006779726725668472, best pos: [4.99094645e-07 2.95750214e+01 9.69320148e-07 6.06958556e-07
 6.99945579e-07 3.57195100e-07 9.61764690e-08 2.79383712e-07
 2.61581582e-07 1.24176291e-07 2.93729474e-08 7.19672788e-07
 6.18887066e-07 2.86158299e-08 6.46155451e-07 3.62468077e-08
 2.64198078e+02 8.00409370e-07 4.20121003e-07 5.69541180e-07
 7.97023953e-07 9.66233165e+00 4.30820900e-07 9.27725203e-07
 3.66724279e-07 4.06687449e-07 7.33393801e-07 3.46541842e-07
 3.26679505e-07 7.41149985e-08 6.97528434e-07]
2025-05-24 19:12:18,320 - pyswarms.single.global_best - INFO - Optimize for 100 iters with {'c1': 0.5, 'c2': 0.7, 'w': 0.4}
2025-05-24 19:13:08,252 - pyswarms.single.global_best - INFO - Optimization finished | best cost: 0.007121514460746274, best pos: [9.26254831e-08 5.98707480e+01 9.14548664e-07 4.34020973e-07
 2.58711642e-07 4.34403319e-07 7.23447818e-07 9.05416158e-09
 5.89453989e-07 6.13291685e-07 6.37688247e-07 2.42022080e-07
 7.14052723e-07 9.13914863e-08 1.99270336e-07 8.77470047e-07
 1.95429210e+02 1.37455540e-08 2.48376260e-07 2.14406483e-07
 2.70806328e-07 1.35119324e+01 6.25262957e-08 4.58940517e-07
 7.32733475e-07 6.06731725e-07 6.72871669e-07 8.11491785e-08
 9.51490710e-07 8.38491834e-07 8.05090318e-07]
2025-05-24 19:13:08,271 - pyswarms.single.global_best - INFO - Optimize for 100 iters with {'c1': 0.5, 'c2': 0.7, 'w': 0.4}
2025-05-24 19:13:58,534 - pyswarms.single.global_best - INFO - Optimization finished | best cost: 0.007121514460746274, best pos: [9.26254831e-08 5.98707480e+01 9.14548664e-07 4.34020973e-07
 2.58711642e-07 4.34403319e-07 7.23447818e-07 9.05416158e-09
 5.89453989e-07 6.13291685e-07 6.37688247e-07 2.42022080e-07
 7.14052723e-07 9.13914863e-08 1.99270336e-07 8.77470047e-07
 1.95429210e+02 1.37455540e-08 2.48376260e-07 2.14406483e-07
 2.70806328e-07 1.35119324e+01 6.25262957e-08 4.58940517e-07
 7.32733475e-07 6.06731725e-07 6.72871669e-07 8.11491785e-08
 9.51490710e-07 8.38491834e-07 8.05090318e-07]
2025-05-24 19:22:24,485 - pyswarms.single.global_best - INFO - Optimize for 100 iters with {'c1': 0.5, 'c2': 0.7, 'w': 0.4}
2025-05-24 19:22:54,020 - pyswarms.single.global_best - INFO - Optimization finished | best cost: 0.006969120601167338, best pos: [2.77327605e-07 1.61422129e-02 7.13558577e-07 1.19889663e-07
 2.17672543e-08 7.01546518e-07 6.95797897e-07 4.51237860e-07
 9.10362969e-07 5.52057970e-07 3.30514464e-07 5.79729984e-07
 5.77692580e-07 9.26787030e-07 6.46540727e-08 9.52714530e-08
 2.09276959e+02 3.49950106e-07 8.53050979e-07 6.15061757e-07
 2.52047648e-07 2.22942618e+01 6.20887858e-07 7.14464283e-07
 6.91180615e-07 4.55252079e-07 8.26052865e-07 1.19778640e-07
 3.99187426e-07 7.73439894e-08 6.32423935e-07]
2025-05-24 19:22:54,036 - pyswarms.single.global_best - INFO - Optimize for 100 iters with {'c1': 0.5, 'c2': 0.7, 'w': 0.4}
2025-05-24 19:23:44,669 - pyswarms.single.global_best - INFO - Optimization finished | best cost: 0.007121514460746274, best pos: [9.26254831e-08 5.98707480e+01 9.14548664e-07 4.34020973e-07
 2.58711642e-07 4.34403319e-07 7.23447818e-07 9.05416158e-09
 5.89453989e-07 6.13291685e-07 6.37688247e-07 2.42022080e-07
 7.14052723e-07 9.13914863e-08 1.99270336e-07 8.77470047e-07
 1.95429210e+02 1.37455540e-08 2.48376260e-07 2.14406483e-07
 2.70806328e-07 1.35119324e+01 6.25262957e-08 4.58940517e-07
 7.32733475e-07 6.06731725e-07 6.72871669e-07 8.11491785e-08
 9.51490710e-07 8.38491834e-07 8.05090318e-07]
2025-05-24 19:23:44,688 - pyswarms.single.global_best - INFO - Optimize for 100 iters with {'c1': 0.5, 'c2': 0.7, 'w': 0.4}
2025-05-24 19:24:35,874 - pyswarms.single.global_best - INFO - Optimization finished | best cost: 0.007121514460746274, best pos: [9.26254831e-08 5.98707480e+01 9.14548664e-07 4.34020973e-07
 2.58711642e-07 4.34403319e-07 7.23447818e-07 9.05416158e-09
 5.89453989e-07 6.13291685e-07 6.37688247e-07 2.42022080e-07
 7.14052723e-07 9.13914863e-08 1.99270336e-07 8.77470047e-07
 1.95429210e+02 1.37455540e-08 2.48376260e-07 2.14406483e-07
 2.70806328e-07 1.35119324e+01 6.25262957e-08 4.58940517e-07
 7.32733475e-07 6.06731725e-07 6.72871669e-07 8.11491785e-08
 9.51490710e-07 8.38491834e-07 8.05090318e-07]
2025-05-25 04:31:29,637 - pyswarms.single.global_best - INFO - Optimize for 100 iters with {'c1': 0.5, 'c2': 0.7, 'w': 0.4}
2025-05-25 04:32:02,496 - pyswarms.single.global_best - INFO - Optimization finished | best cost: 0.00704522602328003, best pos: [2.70533002e-07 2.28857393e+01 1.56750254e-07 6.30768845e-07
 4.36353948e-07 9.77442397e-07 6.13548877e-07 6.92617255e-07
 5.88845318e-07 5.54596353e-07 8.41340506e-07 1.24104173e-07
 4.30212199e-07 6.04134704e-07 3.46826743e-07 2.69065514e-07
 2.64186963e+02 4.80974172e-07 7.97832723e-07 9.13658448e-07
 6.57846147e-07 9.65051753e+00 9.67305088e-07 7.98007878e-07
 2.71838864e-07 5.15203816e-07 7.36820147e-07 4.02598352e-07
 3.06151448e-07 9.26720432e-07 4.68163295e-07]
2025-05-25 04:32:02,511 - pyswarms.single.global_best - INFO - Optimize for 100 iters with {'c1': 0.5, 'c2': 0.7, 'w': 0.4}
2025-05-25 04:33:35,419 - pyswarms.single.global_best - INFO - Optimization finished | best cost: 0.007121514460746274, best pos: [9.26254831e-08 5.98707480e+01 9.14548664e-07 4.34020973e-07
 2.58711642e-07 4.34403319e-07 7.23447818e-07 9.05416158e-09
 5.89453989e-07 6.13291685e-07 6.37688247e-07 2.42022080e-07
 7.14052723e-07 9.13914863e-08 1.99270336e-07 8.77470047e-07
 1.95429210e+02 1.37455540e-08 2.48376260e-07 2.14406483e-07
 2.70806328e-07 1.35119324e+01 6.25262957e-08 4.58940517e-07
 7.32733475e-07 6.06731725e-07 6.72871669e-07 8.11491785e-08
 9.51490710e-07 8.38491834e-07 8.05090318e-07]
2025-05-25 04:33:35,494 - pyswarms.single.global_best - INFO - Optimize for 100 iters with {'c1': 0.5, 'c2': 0.7, 'w': 0.4}
2025-05-25 04:34:52,021 - pyswarms.single.global_best - INFO - Optimization finished | best cost: 0.007121514460746274, best pos: [9.26254831e-08 5.98707480e+01 9.14548664e-07 4.34020973e-07
 2.58711642e-07 4.34403319e-07 7.23447818e-07 9.05416158e-09
 5.89453989e-07 6.13291685e-07 6.37688247e-07 2.42022080e-07
 7.14052723e-07 9.13914863e-08 1.99270336e-07 8.77470047e-07
 1.95429210e+02 1.37455540e-08 2.48376260e-07 2.14406483e-07
 2.70806328e-07 1.35119324e+01 6.25262957e-08 4.58940517e-07
 7.32733475e-07 6.06731725e-07 6.72871669e-07 8.11491785e-08
 9.51490710e-07 8.38491834e-07 8.05090318e-07]
2025-05-25 04:51:37,322 - pyswarms.single.global_best - INFO - Optimize for 50 iters with {'c1': 0.5, 'c2': 0.3, 'w': 0.9}
2025-05-25 04:51:52,053 - pyswarms.single.global_best - INFO - Optimization finished | best cost: 0.006511237276503367, best pos: [1.99731352e-07 1.53954542e-01 2.35253202e-07 7.08425889e-07
 4.76503588e-07 4.31275287e-07 9.56804427e-07 7.26901678e-07
 7.26437596e-07 5.85719089e-07 8.30877192e-07 6.04049203e-08
 2.08359736e-07 2.02911366e-07 8.12894835e-07 6.16479728e-07
 2.63590534e+02 4.80623904e-07 9.31508599e-07 2.99716979e-07
 7.56385275e-07 1.93654427e+01 9.02216439e-07 4.16331634e-07
 1.11193451e-07 4.09958255e-07 2.25075171e-07 5.65648617e-07
 2.30324314e-07 1.56150530e-07 6.97311276e-07]
2025-05-25 04:51:52,067 - pyswarms.single.global_best - INFO - Optimize for 50 iters with {'c1': 0.5, 'c2': 0.3, 'w': 0.9}
2025-05-25 04:52:25,948 - pyswarms.single.global_best - INFO - Optimization finished | best cost: 0.007121514460746274, best pos: [9.26254831e-08 5.98707480e+01 9.14548664e-07 4.34020973e-07
 2.58711642e-07 4.34403319e-07 7.23447818e-07 9.05416158e-09
 5.89453989e-07 6.13291685e-07 6.37688247e-07 2.42022080e-07
 7.14052723e-07 9.13914863e-08 1.99270336e-07 8.77470047e-07
 1.95429210e+02 1.37455540e-08 2.48376260e-07 2.14406483e-07
 2.70806328e-07 1.35119324e+01 6.25262957e-08 4.58940517e-07
 7.32733475e-07 6.06731725e-07 6.72871669e-07 8.11491785e-08
 9.51490710e-07 8.38491834e-07 8.05090318e-07]
2025-05-25 04:52:25,970 - pyswarms.single.global_best - INFO - Optimize for 50 iters with {'c1': 0.5, 'c2': 0.3, 'w': 0.9}
2025-05-25 04:52:59,965 - pyswarms.single.global_best - INFO - Optimization finished | best cost: 0.007121514460746274, best pos: [9.26254831e-08 5.98707480e+01 9.14548664e-07 4.34020973e-07
 2.58711642e-07 4.34403319e-07 7.23447818e-07 9.05416158e-09
 5.89453989e-07 6.13291685e-07 6.37688247e-07 2.42022080e-07
 7.14052723e-07 9.13914863e-08 1.99270336e-07 8.77470047e-07
 1.95429210e+02 1.37455540e-08 2.48376260e-07 2.14406483e-07
 2.70806328e-07 1.35119324e+01 6.25262957e-08 4.58940517e-07
 7.32733475e-07 6.06731725e-07 6.72871669e-07 8.11491785e-08
 9.51490710e-07 8.38491834e-07 8.05090318e-07]
2025-05-25 04:52:59,988 - pyswarms.single.global_best - INFO - Optimize for 100 iters with {'c1': 0.5, 'c2': 0.7, 'w': 0.4}
2025-05-25 04:53:29,397 - pyswarms.single.global_best - INFO - Optimization finished | best cost: 0.006510239725070124, best pos: [8.73709242e-08 4.00090351e-02 5.92636350e-07 3.35560575e-07
 1.49021498e-07 7.80232406e-07 1.45052964e-08 7.75442492e-08
 7.62116817e-07 6.23110026e-07 6.05445240e-07 2.70553150e-07
 9.45814456e-07 7.87739933e-07 6.42337346e-07 9.06788754e-07
 2.63574744e+02 6.69067869e-07 2.23936895e-07 8.43581375e-07
 8.63965777e-07 1.92634508e+01 7.98902756e-07 8.78391798e-07
 9.81475850e-07 1.26997878e-07 1.08582201e-07 7.01120508e-08
 5.61676850e-07 6.62320155e-07 6.85862523e-07]
2025-05-25 04:53:29,413 - pyswarms.single.global_best - INFO - Optimize for 100 iters with {'c1': 0.5, 'c2': 0.7, 'w': 0.4}
2025-05-25 04:54:37,254 - pyswarms.single.global_best - INFO - Optimization finished | best cost: 0.007121514460746274, best pos: [9.26254831e-08 5.98707480e+01 9.14548664e-07 4.34020973e-07
 2.58711642e-07 4.34403319e-07 7.23447818e-07 9.05416158e-09
 5.89453989e-07 6.13291685e-07 6.37688247e-07 2.42022080e-07
 7.14052723e-07 9.13914863e-08 1.99270336e-07 8.77470047e-07
 1.95429210e+02 1.37455540e-08 2.48376260e-07 2.14406483e-07
 2.70806328e-07 1.35119324e+01 6.25262957e-08 4.58940517e-07
 7.32733475e-07 6.06731725e-07 6.72871669e-07 8.11491785e-08
 9.51490710e-07 8.38491834e-07 8.05090318e-07]
2025-05-25 04:54:37,278 - pyswarms.single.global_best - INFO - Optimize for 100 iters with {'c1': 0.5, 'c2': 0.7, 'w': 0.4}
2025-05-25 04:55:49,542 - pyswarms.single.global_best - INFO - Optimization finished | best cost: 0.007121514460746274, best pos: [9.26254831e-08 5.98707480e+01 9.14548664e-07 4.34020973e-07
 2.58711642e-07 4.34403319e-07 7.23447818e-07 9.05416158e-09
 5.89453989e-07 6.13291685e-07 6.37688247e-07 2.42022080e-07
 7.14052723e-07 9.13914863e-08 1.99270336e-07 8.77470047e-07
 1.95429210e+02 1.37455540e-08 2.48376260e-07 2.14406483e-07
 2.70806328e-07 1.35119324e+01 6.25262957e-08 4.58940517e-07
 7.32733475e-07 6.06731725e-07 6.72871669e-07 8.11491785e-08
 9.51490710e-07 8.38491834e-07 8.05090318e-07]
2025-05-25 04:57:29,755 - pyswarms.single.global_best - INFO - Optimize for 50 iters with {'c1': 0.5, 'c2': 0.3, 'w': 0.9}
2025-05-25 04:57:44,605 - pyswarms.single.global_best - INFO - Optimization finished | best cost: 0.006517359595482663, best pos: [6.23158132e-07 7.50075814e+00 9.17412114e-07 1.20483952e-07
 3.31506853e-07 8.66669442e-07 9.93286624e-07 4.14060753e-07
 4.02944537e-07 1.27194115e-07 4.29809570e-07 5.79665822e-07
 7.76658664e-07 2.99009017e-07 5.27111503e-07 9.42450612e-07
 2.62308386e+02 8.24050035e-07 1.34524789e-07 9.59583683e-07
 2.36780963e-07 1.35159779e+01 4.99653394e-07 3.63316494e-07
 7.15291836e-07 3.86338480e-07 1.62062921e-07 9.82150033e-08
 4.15443520e-07 9.07352346e-07 3.57809611e-07]
2025-05-25 04:57:44,619 - pyswarms.single.global_best - INFO - Optimize for 50 iters with {'c1': 0.5, 'c2': 0.3, 'w': 0.9}
2025-05-25 04:58:18,651 - pyswarms.single.global_best - INFO - Optimization finished | best cost: 0.007121514460746274, best pos: [9.26254831e-08 5.98707480e+01 9.14548664e-07 4.34020973e-07
 2.58711642e-07 4.34403319e-07 7.23447818e-07 9.05416158e-09
 5.89453989e-07 6.13291685e-07 6.37688247e-07 2.42022080e-07
 7.14052723e-07 9.13914863e-08 1.99270336e-07 8.77470047e-07
 1.95429210e+02 1.37455540e-08 2.48376260e-07 2.14406483e-07
 2.70806328e-07 1.35119324e+01 6.25262957e-08 4.58940517e-07
 7.32733475e-07 6.06731725e-07 6.72871669e-07 8.11491785e-08
 9.51490710e-07 8.38491834e-07 8.05090318e-07]
2025-05-25 04:58:18,672 - pyswarms.single.global_best - INFO - Optimize for 50 iters with {'c1': 0.5, 'c2': 0.3, 'w': 0.9}
2025-05-25 04:58:52,739 - pyswarms.single.global_best - INFO - Optimization finished | best cost: 0.007121514460746274, best pos: [9.26254831e-08 5.98707480e+01 9.14548664e-07 4.34020973e-07
 2.58711642e-07 4.34403319e-07 7.23447818e-07 9.05416158e-09
 5.89453989e-07 6.13291685e-07 6.37688247e-07 2.42022080e-07
 7.14052723e-07 9.13914863e-08 1.99270336e-07 8.77470047e-07
 1.95429210e+02 1.37455540e-08 2.48376260e-07 2.14406483e-07
 2.70806328e-07 1.35119324e+01 6.25262957e-08 4.58940517e-07
 7.32733475e-07 6.06731725e-07 6.72871669e-07 8.11491785e-08
 9.51490710e-07 8.38491834e-07 8.05090318e-07]
2025-05-25 04:58:52,759 - pyswarms.single.global_best - INFO - Optimize for 100 iters with {'c1': 0.5, 'c2': 0.7, 'w': 0.4}
2025-05-25 04:59:22,105 - pyswarms.single.global_best - INFO - Optimization finished | best cost: 0.0065421559565753224, best pos: [3.68517495e-07 2.72042908e+01 6.74344637e-07 7.65945251e-07
 1.14678415e-07 5.59001131e-07 9.30111610e-07 8.43819516e-07
 4.46930604e-07 6.52511252e-07 4.67753597e-07 4.88889706e-07
 2.92774439e-07 6.92294263e-07 5.79389355e-07 6.76422693e-07
 2.64547218e+02 5.29339181e-07 5.63804890e-07 5.32280951e-07
 6.87893080e-07 1.61409786e+01 4.10234782e-07 8.45579791e-07
 1.09624388e-07 2.44432204e-07 8.62081986e-07 6.05019264e-07
 7.49323150e-07 4.64015169e-07 5.80955748e-07]
2025-05-25 04:59:22,119 - pyswarms.single.global_best - INFO - Optimize for 100 iters with {'c1': 0.5, 'c2': 0.7, 'w': 0.4}
2025-05-25 05:00:29,993 - pyswarms.single.global_best - INFO - Optimization finished | best cost: 0.007121514460746274, best pos: [9.26254831e-08 5.98707480e+01 9.14548664e-07 4.34020973e-07
 2.58711642e-07 4.34403319e-07 7.23447818e-07 9.05416158e-09
 5.89453989e-07 6.13291685e-07 6.37688247e-07 2.42022080e-07
 7.14052723e-07 9.13914863e-08 1.99270336e-07 8.77470047e-07
 1.95429210e+02 1.37455540e-08 2.48376260e-07 2.14406483e-07
 2.70806328e-07 1.35119324e+01 6.25262957e-08 4.58940517e-07
 7.32733475e-07 6.06731725e-07 6.72871669e-07 8.11491785e-08
 9.51490710e-07 8.38491834e-07 8.05090318e-07]
2025-05-25 05:00:30,018 - pyswarms.single.global_best - INFO - Optimize for 100 iters with {'c1': 0.5, 'c2': 0.7, 'w': 0.4}
2025-05-25 05:01:37,620 - pyswarms.single.global_best - INFO - Optimization finished | best cost: 0.007121514460746274, best pos: [9.26254831e-08 5.98707480e+01 9.14548664e-07 4.34020973e-07
 2.58711642e-07 4.34403319e-07 7.23447818e-07 9.05416158e-09
 5.89453989e-07 6.13291685e-07 6.37688247e-07 2.42022080e-07
 7.14052723e-07 9.13914863e-08 1.99270336e-07 8.77470047e-07
 1.95429210e+02 1.37455540e-08 2.48376260e-07 2.14406483e-07
 2.70806328e-07 1.35119324e+01 6.25262957e-08 4.58940517e-07
 7.32733475e-07 6.06731725e-07 6.72871669e-07 8.11491785e-08
 9.51490710e-07 8.38491834e-07 8.05090318e-07]
2025-05-25 05:16:54,770 - pyswarms.single.global_best - INFO - Optimize for 50 iters with {'c1': 0.5, 'c2': 0.3, 'w': 0.9}
2025-05-25 05:17:09,705 - pyswarms.single.global_best - INFO - Optimization finished | best cost: 0.006517359595482663, best pos: [6.23158132e-07 7.50075814e+00 9.17412114e-07 1.20483952e-07
 3.31506853e-07 8.66669442e-07 9.93286624e-07 4.14060753e-07
 4.02944537e-07 1.27194115e-07 4.29809570e-07 5.79665822e-07
 7.76658664e-07 2.99009017e-07 5.27111503e-07 9.42450612e-07
 2.62308386e+02 8.24050035e-07 1.34524789e-07 9.59583683e-07
 2.36780963e-07 1.35159779e+01 4.99653394e-07 3.63316494e-07
 7.15291836e-07 3.86338480e-07 1.62062921e-07 9.82150033e-08
 4.15443520e-07 9.07352346e-07 3.57809611e-07]
2025-05-25 05:17:09,720 - pyswarms.single.global_best - INFO - Optimize for 50 iters with {'c1': 0.5, 'c2': 0.3, 'w': 0.9}
2025-05-25 05:17:43,647 - pyswarms.single.global_best - INFO - Optimization finished | best cost: 0.007121514460746274, best pos: [9.26254831e-08 5.98707480e+01 9.14548664e-07 4.34020973e-07
 2.58711642e-07 4.34403319e-07 7.23447818e-07 9.05416158e-09
 5.89453989e-07 6.13291685e-07 6.37688247e-07 2.42022080e-07
 7.14052723e-07 9.13914863e-08 1.99270336e-07 8.77470047e-07
 1.95429210e+02 1.37455540e-08 2.48376260e-07 2.14406483e-07
 2.70806328e-07 1.35119324e+01 6.25262957e-08 4.58940517e-07
 7.32733475e-07 6.06731725e-07 6.72871669e-07 8.11491785e-08
 9.51490710e-07 8.38491834e-07 8.05090318e-07]
2025-05-25 05:17:43,671 - pyswarms.single.global_best - INFO - Optimize for 50 iters with {'c1': 0.5, 'c2': 0.3, 'w': 0.9}
2025-05-25 05:18:17,621 - pyswarms.single.global_best - INFO - Optimization finished | best cost: 0.007121514460746274, best pos: [9.26254831e-08 5.98707480e+01 9.14548664e-07 4.34020973e-07
 2.58711642e-07 4.34403319e-07 7.23447818e-07 9.05416158e-09
 5.89453989e-07 6.13291685e-07 6.37688247e-07 2.42022080e-07
 7.14052723e-07 9.13914863e-08 1.99270336e-07 8.77470047e-07
 1.95429210e+02 1.37455540e-08 2.48376260e-07 2.14406483e-07
 2.70806328e-07 1.35119324e+01 6.25262957e-08 4.58940517e-07
 7.32733475e-07 6.06731725e-07 6.72871669e-07 8.11491785e-08
 9.51490710e-07 8.38491834e-07 8.05090318e-07]
2025-05-25 05:18:17,642 - pyswarms.single.global_best - INFO - Optimize for 100 iters with {'c1': 0.5, 'c2': 0.7, 'w': 0.4}
2025-05-25 05:18:47,020 - pyswarms.single.global_best - INFO - Optimization finished | best cost: 0.0065421559565753224, best pos: [3.68517495e-07 2.72042908e+01 6.74344637e-07 7.65945251e-07
 1.14678415e-07 5.59001131e-07 9.30111610e-07 8.43819516e-07
 4.46930604e-07 6.52511252e-07 4.67753597e-07 4.88889706e-07
 2.92774439e-07 6.92294263e-07 5.79389355e-07 6.76422693e-07
 2.64547218e+02 5.29339181e-07 5.63804890e-07 5.32280951e-07
 6.87893080e-07 1.61409786e+01 4.10234782e-07 8.45579791e-07
 1.09624388e-07 2.44432204e-07 8.62081986e-07 6.05019264e-07
 7.49323150e-07 4.64015169e-07 5.80955748e-07]
2025-05-25 05:18:47,038 - pyswarms.single.global_best - INFO - Optimize for 100 iters with {'c1': 0.5, 'c2': 0.7, 'w': 0.4}
2025-05-25 05:19:54,587 - pyswarms.single.global_best - INFO - Optimization finished | best cost: 0.007121514460746274, best pos: [9.26254831e-08 5.98707480e+01 9.14548664e-07 4.34020973e-07
 2.58711642e-07 4.34403319e-07 7.23447818e-07 9.05416158e-09
 5.89453989e-07 6.13291685e-07 6.37688247e-07 2.42022080e-07
 7.14052723e-07 9.13914863e-08 1.99270336e-07 8.77470047e-07
 1.95429210e+02 1.37455540e-08 2.48376260e-07 2.14406483e-07
 2.70806328e-07 1.35119324e+01 6.25262957e-08 4.58940517e-07
 7.32733475e-07 6.06731725e-07 6.72871669e-07 8.11491785e-08
 9.51490710e-07 8.38491834e-07 8.05090318e-07]
2025-05-25 05:19:54,610 - pyswarms.single.global_best - INFO - Optimize for 100 iters with {'c1': 0.5, 'c2': 0.7, 'w': 0.4}
2025-05-25 05:21:02,544 - pyswarms.single.global_best - INFO - Optimization finished | best cost: 0.007121514460746274, best pos: [9.26254831e-08 5.98707480e+01 9.14548664e-07 4.34020973e-07
 2.58711642e-07 4.34403319e-07 7.23447818e-07 9.05416158e-09
 5.89453989e-07 6.13291685e-07 6.37688247e-07 2.42022080e-07
 7.14052723e-07 9.13914863e-08 1.99270336e-07 8.77470047e-07
 1.95429210e+02 1.37455540e-08 2.48376260e-07 2.14406483e-07
 2.70806328e-07 1.35119324e+01 6.25262957e-08 4.58940517e-07
 7.32733475e-07 6.06731725e-07 6.72871669e-07 8.11491785e-08
 9.51490710e-07 8.38491834e-07 8.05090318e-07]
2025-05-25 05:21:36,616 - pyswarms.single.global_best - INFO - Optimize for 50 iters with {'c1': 0.5, 'c2': 0.3, 'w': 0.9}
2025-05-25 05:21:51,389 - pyswarms.single.global_best - INFO - Optimization finished | best cost: 0.006517359595482663, best pos: [6.23158132e-07 7.50075814e+00 9.17412114e-07 1.20483952e-07
 3.31506853e-07 8.66669442e-07 9.93286624e-07 4.14060753e-07
 4.02944537e-07 1.27194115e-07 4.29809570e-07 5.79665822e-07
 7.76658664e-07 2.99009017e-07 5.27111503e-07 9.42450612e-07
 2.62308386e+02 8.24050035e-07 1.34524789e-07 9.59583683e-07
 2.36780963e-07 1.35159779e+01 4.99653394e-07 3.63316494e-07
 7.15291836e-07 3.86338480e-07 1.62062921e-07 9.82150033e-08
 4.15443520e-07 9.07352346e-07 3.57809611e-07]
2025-05-25 05:21:51,404 - pyswarms.single.global_best - INFO - Optimize for 50 iters with {'c1': 0.5, 'c2': 0.3, 'w': 0.9}
2025-05-25 05:22:25,374 - pyswarms.single.global_best - INFO - Optimization finished | best cost: 0.007121514460746274, best pos: [9.26254831e-08 5.98707480e+01 9.14548664e-07 4.34020973e-07
 2.58711642e-07 4.34403319e-07 7.23447818e-07 9.05416158e-09
 5.89453989e-07 6.13291685e-07 6.37688247e-07 2.42022080e-07
 7.14052723e-07 9.13914863e-08 1.99270336e-07 8.77470047e-07
 1.95429210e+02 1.37455540e-08 2.48376260e-07 2.14406483e-07
 2.70806328e-07 1.35119324e+01 6.25262957e-08 4.58940517e-07
 7.32733475e-07 6.06731725e-07 6.72871669e-07 8.11491785e-08
 9.51490710e-07 8.38491834e-07 8.05090318e-07]
2025-05-25 05:22:25,396 - pyswarms.single.global_best - INFO - Optimize for 50 iters with {'c1': 0.5, 'c2': 0.3, 'w': 0.9}
2025-05-25 05:22:59,126 - pyswarms.single.global_best - INFO - Optimization finished | best cost: 0.007121514460746274, best pos: [9.26254831e-08 5.98707480e+01 9.14548664e-07 4.34020973e-07
 2.58711642e-07 4.34403319e-07 7.23447818e-07 9.05416158e-09
 5.89453989e-07 6.13291685e-07 6.37688247e-07 2.42022080e-07
 7.14052723e-07 9.13914863e-08 1.99270336e-07 8.77470047e-07
 1.95429210e+02 1.37455540e-08 2.48376260e-07 2.14406483e-07
 2.70806328e-07 1.35119324e+01 6.25262957e-08 4.58940517e-07
 7.32733475e-07 6.06731725e-07 6.72871669e-07 8.11491785e-08
 9.51490710e-07 8.38491834e-07 8.05090318e-07]
2025-05-25 05:22:59,156 - pyswarms.single.global_best - INFO - Optimize for 100 iters with {'c1': 0.5, 'c2': 0.7, 'w': 0.4}
2025-05-25 05:23:28,491 - pyswarms.single.global_best - INFO - Optimization finished | best cost: 0.0065421559565753224, best pos: [3.68517495e-07 2.72042908e+01 6.74344637e-07 7.65945251e-07
 1.14678415e-07 5.59001131e-07 9.30111610e-07 8.43819516e-07
 4.46930604e-07 6.52511252e-07 4.67753597e-07 4.88889706e-07
 2.92774439e-07 6.92294263e-07 5.79389355e-07 6.76422693e-07
 2.64547218e+02 5.29339181e-07 5.63804890e-07 5.32280951e-07
 6.87893080e-07 1.61409786e+01 4.10234782e-07 8.45579791e-07
 1.09624388e-07 2.44432204e-07 8.62081986e-07 6.05019264e-07
 7.49323150e-07 4.64015169e-07 5.80955748e-07]
2025-05-25 05:23:28,511 - pyswarms.single.global_best - INFO - Optimize for 100 iters with {'c1': 0.5, 'c2': 0.7, 'w': 0.4}
2025-05-25 05:24:36,325 - pyswarms.single.global_best - INFO - Optimization finished | best cost: 0.007121514460746274, best pos: [9.26254831e-08 5.98707480e+01 9.14548664e-07 4.34020973e-07
 2.58711642e-07 4.34403319e-07 7.23447818e-07 9.05416158e-09
 5.89453989e-07 6.13291685e-07 6.37688247e-07 2.42022080e-07
 7.14052723e-07 9.13914863e-08 1.99270336e-07 8.77470047e-07
 1.95429210e+02 1.37455540e-08 2.48376260e-07 2.14406483e-07
 2.70806328e-07 1.35119324e+01 6.25262957e-08 4.58940517e-07
 7.32733475e-07 6.06731725e-07 6.72871669e-07 8.11491785e-08
 9.51490710e-07 8.38491834e-07 8.05090318e-07]
2025-05-25 05:24:36,348 - pyswarms.single.global_best - INFO - Optimize for 100 iters with {'c1': 0.5, 'c2': 0.7, 'w': 0.4}
2025-05-25 05:25:44,540 - pyswarms.single.global_best - INFO - Optimization finished | best cost: 0.007121514460746274, best pos: [9.26254831e-08 5.98707480e+01 9.14548664e-07 4.34020973e-07
 2.58711642e-07 4.34403319e-07 7.23447818e-07 9.05416158e-09
 5.89453989e-07 6.13291685e-07 6.37688247e-07 2.42022080e-07
 7.14052723e-07 9.13914863e-08 1.99270336e-07 8.77470047e-07
 1.95429210e+02 1.37455540e-08 2.48376260e-07 2.14406483e-07
 2.70806328e-07 1.35119324e+01 6.25262957e-08 4.58940517e-07
 7.32733475e-07 6.06731725e-07 6.72871669e-07 8.11491785e-08
 9.51490710e-07 8.38491834e-07 8.05090318e-07]
2025-05-25 05:26:40,070 - pyswarms.single.global_best - INFO - Optimize for 50 iters with {'c1': 0.5, 'c2': 0.3, 'w': 0.9}
2025-05-25 05:26:54,727 - pyswarms.single.global_best - INFO - Optimization finished | best cost: 0.006517359595482663, best pos: [6.23158132e-07 7.50075814e+00 9.17412114e-07 1.20483952e-07
 3.31506853e-07 8.66669442e-07 9.93286624e-07 4.14060753e-07
 4.02944537e-07 1.27194115e-07 4.29809570e-07 5.79665822e-07
 7.76658664e-07 2.99009017e-07 5.27111503e-07 9.42450612e-07
 2.62308386e+02 8.24050035e-07 1.34524789e-07 9.59583683e-07
 2.36780963e-07 1.35159779e+01 4.99653394e-07 3.63316494e-07
 7.15291836e-07 3.86338480e-07 1.62062921e-07 9.82150033e-08
 4.15443520e-07 9.07352346e-07 3.57809611e-07]
2025-05-25 05:26:54,741 - pyswarms.single.global_best - INFO - Optimize for 50 iters with {'c1': 0.5, 'c2': 0.3, 'w': 0.9}
2025-05-25 05:27:28,778 - pyswarms.single.global_best - INFO - Optimization finished | best cost: 0.007121514460746274, best pos: [9.26254831e-08 5.98707480e+01 9.14548664e-07 4.34020973e-07
 2.58711642e-07 4.34403319e-07 7.23447818e-07 9.05416158e-09
 5.89453989e-07 6.13291685e-07 6.37688247e-07 2.42022080e-07
 7.14052723e-07 9.13914863e-08 1.99270336e-07 8.77470047e-07
 1.95429210e+02 1.37455540e-08 2.48376260e-07 2.14406483e-07
 2.70806328e-07 1.35119324e+01 6.25262957e-08 4.58940517e-07
 7.32733475e-07 6.06731725e-07 6.72871669e-07 8.11491785e-08
 9.51490710e-07 8.38491834e-07 8.05090318e-07]
2025-05-25 05:27:28,800 - pyswarms.single.global_best - INFO - Optimize for 50 iters with {'c1': 0.5, 'c2': 0.3, 'w': 0.9}
2025-05-25 05:28:02,785 - pyswarms.single.global_best - INFO - Optimization finished | best cost: 0.007121514460746274, best pos: [9.26254831e-08 5.98707480e+01 9.14548664e-07 4.34020973e-07
 2.58711642e-07 4.34403319e-07 7.23447818e-07 9.05416158e-09
 5.89453989e-07 6.13291685e-07 6.37688247e-07 2.42022080e-07
 7.14052723e-07 9.13914863e-08 1.99270336e-07 8.77470047e-07
 1.95429210e+02 1.37455540e-08 2.48376260e-07 2.14406483e-07
 2.70806328e-07 1.35119324e+01 6.25262957e-08 4.58940517e-07
 7.32733475e-07 6.06731725e-07 6.72871669e-07 8.11491785e-08
 9.51490710e-07 8.38491834e-07 8.05090318e-07]
2025-05-25 05:28:02,807 - pyswarms.single.global_best - INFO - Optimize for 100 iters with {'c1': 0.5, 'c2': 0.7, 'w': 0.4}
2025-05-25 05:28:32,699 - pyswarms.single.global_best - INFO - Optimization finished | best cost: 0.0065421559565753224, best pos: [3.68517495e-07 2.72042908e+01 6.74344637e-07 7.65945251e-07
 1.14678415e-07 5.59001131e-07 9.30111610e-07 8.43819516e-07
 4.46930604e-07 6.52511252e-07 4.67753597e-07 4.88889706e-07
 2.92774439e-07 6.92294263e-07 5.79389355e-07 6.76422693e-07
 2.64547218e+02 5.29339181e-07 5.63804890e-07 5.32280951e-07
 6.87893080e-07 1.61409786e+01 4.10234782e-07 8.45579791e-07
 1.09624388e-07 2.44432204e-07 8.62081986e-07 6.05019264e-07
 7.49323150e-07 4.64015169e-07 5.80955748e-07]
2025-05-25 05:28:32,713 - pyswarms.single.global_best - INFO - Optimize for 100 iters with {'c1': 0.5, 'c2': 0.7, 'w': 0.4}
2025-05-25 05:29:40,462 - pyswarms.single.global_best - INFO - Optimization finished | best cost: 0.007121514460746274, best pos: [9.26254831e-08 5.98707480e+01 9.14548664e-07 4.34020973e-07
 2.58711642e-07 4.34403319e-07 7.23447818e-07 9.05416158e-09
 5.89453989e-07 6.13291685e-07 6.37688247e-07 2.42022080e-07
 7.14052723e-07 9.13914863e-08 1.99270336e-07 8.77470047e-07
 1.95429210e+02 1.37455540e-08 2.48376260e-07 2.14406483e-07
 2.70806328e-07 1.35119324e+01 6.25262957e-08 4.58940517e-07
 7.32733475e-07 6.06731725e-07 6.72871669e-07 8.11491785e-08
 9.51490710e-07 8.38491834e-07 8.05090318e-07]
2025-05-25 05:29:40,500 - pyswarms.single.global_best - INFO - Optimize for 100 iters with {'c1': 0.5, 'c2': 0.7, 'w': 0.4}
2025-05-25 05:30:48,411 - pyswarms.single.global_best - INFO - Optimization finished | best cost: 0.007121514460746274, best pos: [9.26254831e-08 5.98707480e+01 9.14548664e-07 4.34020973e-07
 2.58711642e-07 4.34403319e-07 7.23447818e-07 9.05416158e-09
 5.89453989e-07 6.13291685e-07 6.37688247e-07 2.42022080e-07
 7.14052723e-07 9.13914863e-08 1.99270336e-07 8.77470047e-07
 1.95429210e+02 1.37455540e-08 2.48376260e-07 2.14406483e-07
 2.70806328e-07 1.35119324e+01 6.25262957e-08 4.58940517e-07
 7.32733475e-07 6.06731725e-07 6.72871669e-07 8.11491785e-08
 9.51490710e-07 8.38491834e-07 8.05090318e-07]
